Archive member included because of file (symbol)

C:/Freescale/CW MCU v10.5/MCU/ARM_GCC_Support/ewl/lib/armv6-m\libc.a(exit.o)
                              ./Project_Settings/Startup_Code/__arm_start.o (exit)
C:/Freescale/CW MCU v10.5/MCU/ARM_GCC_Support/ewl/lib/armv6-m\libc.a(memset.o)
                              ./Project_Settings/Startup_Code/__arm_start.o (memset)
C:/Freescale/CW MCU v10.5/MCU/ARM_GCC_Support/ewl/lib/armv6-m\libc.a(printformat_.o)
                              (__pformatter_)
C:/Freescale/CW MCU v10.5/MCU/ARM_GCC_Support/ewl/lib/armv6-m\libc.a(scanformat_.o)
                              (__sformatter)
C:/Freescale/CW MCU v10.5/MCU/ARM_GCC_Support/ewl/lib/armv6-m\libc.a(ctype_aeabi.o)
                              C:/Freescale/CW MCU v10.5/MCU/ARM_GCC_Support/ewl/lib/armv6-m\libc.a(scanformat_.o) (isspace)
C:/Freescale/CW MCU v10.5/MCU/ARM_GCC_Support/ewl/lib/armv6-m\libc.a(__strtoul.o)
                              C:/Freescale/CW MCU v10.5/MCU/ARM_GCC_Support/ewl/lib/armv6-m\libc.a(scanformat_.o) (__strtoul)
C:/Freescale/CW MCU v10.5/MCU/ARM_GCC_Support/ewl/lib/armv6-m\libc.a(__filll_mem.o)
                              C:/Freescale/CW MCU v10.5/MCU/ARM_GCC_Support/ewl/lib/armv6-m\libc.a(memset.o) (__fill_mem)
C:/Freescale/CW MCU v10.5/MCU/ARM_GCC_Support/ewl/lib/armv6-m\libc.a(memchr.o)
                              C:/Freescale/CW MCU v10.5/MCU/ARM_GCC_Support/ewl/lib/armv6-m\libc.a(printformat_.o) (memchr)
C:/Freescale/CW MCU v10.5/MCU/ARM_GCC_Support/ewl/lib/armv6-m\libc.a(memcpy.o)
                              C:/Freescale/CW MCU v10.5/MCU/ARM_GCC_Support/ewl/lib/armv6-m\libc.a(scanformat_.o) (memcpy)
C:/Freescale/CW MCU v10.5/MCU/ARM_GCC_Support/ewl/lib/armv6-m\libc.a(strchr.o)
                              C:/Freescale/CW MCU v10.5/MCU/ARM_GCC_Support/ewl/lib/armv6-m\libc.a(printformat_.o) (strchr)
C:/Freescale/CW MCU v10.5/MCU/ARM_GCC_Support/ewl/lib/armv6-m\libc.a(strlen.o)
                              C:/Freescale/CW MCU v10.5/MCU/ARM_GCC_Support/ewl/lib/armv6-m\libc.a(printformat_.o) (strlen)
c:/freescale/cw mcu v10.5/cross_tools/arm-none-eabi-gcc-4_7_3/bin/../lib/gcc/arm-none-eabi/4.7.3/armv6-m\libgcc.a(_thumb1_case_sqi.o)
                              C:/Freescale/CW MCU v10.5/MCU/ARM_GCC_Support/ewl/lib/armv6-m\libc.a(__strtoul.o) (__gnu_thumb1_case_sqi)
c:/freescale/cw mcu v10.5/cross_tools/arm-none-eabi-gcc-4_7_3/bin/../lib/gcc/arm-none-eabi/4.7.3/armv6-m\libgcc.a(_thumb1_case_uqi.o)
                              C:/Freescale/CW MCU v10.5/MCU/ARM_GCC_Support/ewl/lib/armv6-m\libc.a(scanformat_.o) (__gnu_thumb1_case_uqi)
c:/freescale/cw mcu v10.5/cross_tools/arm-none-eabi-gcc-4_7_3/bin/../lib/gcc/arm-none-eabi/4.7.3/armv6-m\libgcc.a(_udivsi3.o)
                              C:/Freescale/CW MCU v10.5/MCU/ARM_GCC_Support/ewl/lib/armv6-m\libc.a(printformat_.o) (__aeabi_uidiv)
c:/freescale/cw mcu v10.5/cross_tools/arm-none-eabi-gcc-4_7_3/bin/../lib/gcc/arm-none-eabi/4.7.3/armv6-m\libgcc.a(_dvmd_tls.o)
                              c:/freescale/cw mcu v10.5/cross_tools/arm-none-eabi-gcc-4_7_3/bin/../lib/gcc/arm-none-eabi/4.7.3/armv6-m\libgcc.a(_udivsi3.o) (__aeabi_idiv0)
C:/Freescale/CW MCU v10.5/MCU/ARM_GCC_Support/ewl/lib/armv6-m\librt.a(gcc_ctor_dtor.o)
                              ./Project_Settings/Startup_Code/__arm_start.o (__init_cpp)
C:/Freescale/CW MCU v10.5/MCU/ARM_GCC_Support/ewl/lib/armv6-m\librt.a(ROMCopy.o)
                              ./Project_Settings/Startup_Code/__arm_start.o (__copy_rom_sections_to_ram)
C:/Freescale/CW MCU v10.5/MCU/ARM_GCC_Support/ewl/lib/armv6-m\librt.a(__arm_eabi_init.o)
                              C:/Freescale/CW MCU v10.5/MCU/ARM_GCC_Support/ewl/lib/armv6-m\libc.a(exit.o) (__destroy_global_chain)

Allocating common symbols
Common symbol       size              file

SR_reg              0x1               ./Generated_Code/Cpu.o

Discarded input sections

 .text          0x00000000        0x0 ./Generated_Code/Vectors.o
 .data          0x00000000        0x0 ./Generated_Code/Vectors.o
 .bss           0x00000000        0x0 ./Generated_Code/Vectors.o
 .text          0x00000000        0x0 ./Generated_Code/TimerIntLdd2.o
 .data          0x00000000        0x0 ./Generated_Code/TimerIntLdd2.o
 .bss           0x00000000        0x0 ./Generated_Code/TimerIntLdd2.o
 .text          0x00000000        0x0 ./Generated_Code/TimerIntLdd1.o
 .data          0x00000000        0x0 ./Generated_Code/TimerIntLdd1.o
 .bss           0x00000000        0x0 ./Generated_Code/TimerIntLdd1.o
 .text          0x00000000        0x0 ./Generated_Code/TU2.o
 .data          0x00000000        0x0 ./Generated_Code/TU2.o
 .bss           0x00000000        0x0 ./Generated_Code/TU2.o
 .text          0x00000000        0x0 ./Generated_Code/TU1.o
 .data          0x00000000        0x0 ./Generated_Code/TU1.o
 .bss           0x00000000        0x0 ./Generated_Code/TU1.o
 .text          0x00000000        0x0 ./Generated_Code/TI2.o
 .data          0x00000000        0x0 ./Generated_Code/TI2.o
 .bss           0x00000000        0x0 ./Generated_Code/TI2.o
 .text          0x00000000        0x0 ./Generated_Code/TI1.o
 .data          0x00000000        0x0 ./Generated_Code/TI1.o
 .bss           0x00000000        0x0 ./Generated_Code/TI1.o
 .text          0x00000000        0x0 ./Generated_Code/Red.o
 .data          0x00000000        0x0 ./Generated_Code/Red.o
 .bss           0x00000000        0x0 ./Generated_Code/Red.o
 .debug_info    0x00000000       0x76 ./Generated_Code/Red.o
 .debug_abbrev  0x00000000       0x28 ./Generated_Code/Red.o
 .debug_aranges
                0x00000000       0x18 ./Generated_Code/Red.o
 .debug_macinfo
                0x00000000    0x2ee02 ./Generated_Code/Red.o
 .debug_line    0x00000000      0x223 ./Generated_Code/Red.o
 .debug_str     0x00000000      0x11e ./Generated_Code/Red.o
 .comment       0x00000000       0x7a ./Generated_Code/Red.o
 .ARM.attributes
                0x00000000       0x31 ./Generated_Code/Red.o
 .text          0x00000000        0x0 ./Generated_Code/PE_LDD.o
 .data          0x00000000        0x0 ./Generated_Code/PE_LDD.o
 .bss           0x00000000        0x0 ./Generated_Code/PE_LDD.o
 .rodata.PE_CpuClockConfigurations
                0x00000000       0x28 ./Generated_Code/PE_LDD.o
 .text.PE_FillMemory
                0x00000000       0x28 ./Generated_Code/PE_LDD.o
 .text.PE_PeripheralUsed
                0x00000000       0x5c ./Generated_Code/PE_LDD.o
 .text.LDD_SetClockConfiguration
                0x00000000       0x14 ./Generated_Code/PE_LDD.o
 .text          0x00000000        0x0 ./Generated_Code/Green.o
 .data          0x00000000        0x0 ./Generated_Code/Green.o
 .bss           0x00000000        0x0 ./Generated_Code/Green.o
 .debug_info    0x00000000       0x76 ./Generated_Code/Green.o
 .debug_abbrev  0x00000000       0x28 ./Generated_Code/Green.o
 .debug_aranges
                0x00000000       0x18 ./Generated_Code/Green.o
 .debug_macinfo
                0x00000000    0x2ee0e ./Generated_Code/Green.o
 .debug_line    0x00000000      0x227 ./Generated_Code/Green.o
 .debug_str     0x00000000      0x120 ./Generated_Code/Green.o
 .comment       0x00000000       0x7a ./Generated_Code/Green.o
 .ARM.attributes
                0x00000000       0x31 ./Generated_Code/Green.o
 .text          0x00000000        0x0 ./Generated_Code/Cpu.o
 .data          0x00000000        0x0 ./Generated_Code/Cpu.o
 .bss           0x00000000        0x0 ./Generated_Code/Cpu.o
 .bss.SR_lock   0x00000000        0x1 ./Generated_Code/Cpu.o
 COMMON         0x00000000        0x1 ./Generated_Code/Cpu.o
 .text          0x00000000        0x0 ./Generated_Code/Blue.o
 .data          0x00000000        0x0 ./Generated_Code/Blue.o
 .bss           0x00000000        0x0 ./Generated_Code/Blue.o
 .debug_info    0x00000000       0x76 ./Generated_Code/Blue.o
 .debug_abbrev  0x00000000       0x28 ./Generated_Code/Blue.o
 .debug_aranges
                0x00000000       0x18 ./Generated_Code/Blue.o
 .debug_macinfo
                0x00000000    0x2ee02 ./Generated_Code/Blue.o
 .debug_line    0x00000000      0x225 ./Generated_Code/Blue.o
 .debug_str     0x00000000      0x11f ./Generated_Code/Blue.o
 .comment       0x00000000       0x7a ./Generated_Code/Blue.o
 .ARM.attributes
                0x00000000       0x31 ./Generated_Code/Blue.o
 .text          0x00000000        0x0 ./Generated_Code/BitIoLdd3.o
 .data          0x00000000        0x0 ./Generated_Code/BitIoLdd3.o
 .bss           0x00000000        0x0 ./Generated_Code/BitIoLdd3.o
 .text.BitIoLdd3_GetVal
                0x00000000       0x28 ./Generated_Code/BitIoLdd3.o
 .text.BitIoLdd3_PutVal
                0x00000000       0x30 ./Generated_Code/BitIoLdd3.o
 .text.BitIoLdd3_ClrVal
                0x00000000       0x18 ./Generated_Code/BitIoLdd3.o
 .text.BitIoLdd3_SetVal
                0x00000000       0x18 ./Generated_Code/BitIoLdd3.o
 .text          0x00000000        0x0 ./Generated_Code/BitIoLdd2.o
 .data          0x00000000        0x0 ./Generated_Code/BitIoLdd2.o
 .bss           0x00000000        0x0 ./Generated_Code/BitIoLdd2.o
 .text.BitIoLdd2_GetVal
                0x00000000       0x28 ./Generated_Code/BitIoLdd2.o
 .text.BitIoLdd2_ClrVal
                0x00000000       0x1c ./Generated_Code/BitIoLdd2.o
 .text.BitIoLdd2_SetVal
                0x00000000       0x1c ./Generated_Code/BitIoLdd2.o
 .text.BitIoLdd2_NegVal
                0x00000000       0x1c ./Generated_Code/BitIoLdd2.o
 .text          0x00000000        0x0 ./Generated_Code/BitIoLdd1.o
 .data          0x00000000        0x0 ./Generated_Code/BitIoLdd1.o
 .bss           0x00000000        0x0 ./Generated_Code/BitIoLdd1.o
 .text.BitIoLdd1_GetVal
                0x00000000       0x28 ./Generated_Code/BitIoLdd1.o
 .text.BitIoLdd1_PutVal
                0x00000000       0x34 ./Generated_Code/BitIoLdd1.o
 .text.BitIoLdd1_ClrVal
                0x00000000       0x1c ./Generated_Code/BitIoLdd1.o
 .text.BitIoLdd1_SetVal
                0x00000000       0x1c ./Generated_Code/BitIoLdd1.o
 .text          0x00000000        0x0 ./Project_Settings/Startup_Code/__arm_start.o
 .data          0x00000000        0x0 ./Project_Settings/Startup_Code/__arm_start.o
 .bss           0x00000000        0x0 ./Project_Settings/Startup_Code/__arm_start.o
 .text.__iar_program_start
                0x00000000        0x4 ./Project_Settings/Startup_Code/__arm_start.o
 .text          0x00000000        0x0 ./Project_Settings/Startup_Code/__arm_end.o
 .data          0x00000000        0x0 ./Project_Settings/Startup_Code/__arm_end.o
 .bss           0x00000000        0x0 ./Project_Settings/Startup_Code/__arm_end.o
 .text          0x00000000        0x0 ./Sources/sa_mtb.o
 .data          0x00000000        0x0 ./Sources/sa_mtb.o
 .bss           0x00000000        0x0 ./Sources/sa_mtb.o
 .debug_info    0x00000000       0x21 ./Sources/sa_mtb.o
 .debug_abbrev  0x00000000       0x12 ./Sources/sa_mtb.o
 .debug_aranges
                0x00000000       0x18 ./Sources/sa_mtb.o
 .debug_macinfo
                0x00000000     0x24d8 ./Sources/sa_mtb.o
 .debug_line    0x00000000       0xaa ./Sources/sa_mtb.o
 .debug_str     0x00000000       0x8f ./Sources/sa_mtb.o
 .comment       0x00000000       0x7a ./Sources/sa_mtb.o
 .ARM.attributes
                0x00000000       0x31 ./Sources/sa_mtb.o
 .text          0x00000000        0x0 ./Sources/ProcessorExpert.o
 .data          0x00000000        0x0 ./Sources/ProcessorExpert.o
 .bss           0x00000000        0x0 ./Sources/ProcessorExpert.o
 .text          0x00000000        0x0 ./Sources/Events.o
 .data          0x00000000        0x0 ./Sources/Events.o
 .bss           0x00000000        0x0 ./Sources/Events.o
 .text          0x00000000        0x0 C:/Freescale/CW MCU v10.5/MCU/ARM_GCC_Support/ewl/lib/armv6-m\libc.a(exit.o)
 .data          0x00000000        0x0 C:/Freescale/CW MCU v10.5/MCU/ARM_GCC_Support/ewl/lib/armv6-m\libc.a(exit.o)
 .bss           0x00000000        0x0 C:/Freescale/CW MCU v10.5/MCU/ARM_GCC_Support/ewl/lib/armv6-m\libc.a(exit.o)
 .text          0x00000000        0x0 C:/Freescale/CW MCU v10.5/MCU/ARM_GCC_Support/ewl/lib/armv6-m\libc.a(memset.o)
 .data          0x00000000        0x0 C:/Freescale/CW MCU v10.5/MCU/ARM_GCC_Support/ewl/lib/armv6-m\libc.a(memset.o)
 .bss           0x00000000        0x0 C:/Freescale/CW MCU v10.5/MCU/ARM_GCC_Support/ewl/lib/armv6-m\libc.a(memset.o)
 .text          0x00000000        0x0 C:/Freescale/CW MCU v10.5/MCU/ARM_GCC_Support/ewl/lib/armv6-m\libc.a(printformat_.o)
 .data          0x00000000        0x0 C:/Freescale/CW MCU v10.5/MCU/ARM_GCC_Support/ewl/lib/armv6-m\libc.a(printformat_.o)
 .bss           0x00000000        0x0 C:/Freescale/CW MCU v10.5/MCU/ARM_GCC_Support/ewl/lib/armv6-m\libc.a(printformat_.o)
 .text          0x00000000        0x0 C:/Freescale/CW MCU v10.5/MCU/ARM_GCC_Support/ewl/lib/armv6-m\libc.a(scanformat_.o)
 .data          0x00000000        0x0 C:/Freescale/CW MCU v10.5/MCU/ARM_GCC_Support/ewl/lib/armv6-m\libc.a(scanformat_.o)
 .bss           0x00000000        0x0 C:/Freescale/CW MCU v10.5/MCU/ARM_GCC_Support/ewl/lib/armv6-m\libc.a(scanformat_.o)
 .text          0x00000000        0x0 C:/Freescale/CW MCU v10.5/MCU/ARM_GCC_Support/ewl/lib/armv6-m\libc.a(ctype_aeabi.o)
 .data          0x00000000        0x0 C:/Freescale/CW MCU v10.5/MCU/ARM_GCC_Support/ewl/lib/armv6-m\libc.a(ctype_aeabi.o)
 .bss           0x00000000        0x0 C:/Freescale/CW MCU v10.5/MCU/ARM_GCC_Support/ewl/lib/armv6-m\libc.a(ctype_aeabi.o)
 .text.isalnum  0x00000000       0x1c C:/Freescale/CW MCU v10.5/MCU/ARM_GCC_Support/ewl/lib/armv6-m\libc.a(ctype_aeabi.o)
 .text.iscntrl  0x00000000       0x20 C:/Freescale/CW MCU v10.5/MCU/ARM_GCC_Support/ewl/lib/armv6-m\libc.a(ctype_aeabi.o)
 .text.isdigit  0x00000000        0xe C:/Freescale/CW MCU v10.5/MCU/ARM_GCC_Support/ewl/lib/armv6-m\libc.a(ctype_aeabi.o)
 .text.isgraph  0x00000000       0x1c C:/Freescale/CW MCU v10.5/MCU/ARM_GCC_Support/ewl/lib/armv6-m\libc.a(ctype_aeabi.o)
 .text.islower  0x00000000       0x20 C:/Freescale/CW MCU v10.5/MCU/ARM_GCC_Support/ewl/lib/armv6-m\libc.a(ctype_aeabi.o)
 .text.isprint  0x00000000       0x1c C:/Freescale/CW MCU v10.5/MCU/ARM_GCC_Support/ewl/lib/armv6-m\libc.a(ctype_aeabi.o)
 .text.ispunct  0x00000000       0x20 C:/Freescale/CW MCU v10.5/MCU/ARM_GCC_Support/ewl/lib/armv6-m\libc.a(ctype_aeabi.o)
 .text.isupper  0x00000000       0x20 C:/Freescale/CW MCU v10.5/MCU/ARM_GCC_Support/ewl/lib/armv6-m\libc.a(ctype_aeabi.o)
 .text.isxdigit
                0x00000000       0x20 C:/Freescale/CW MCU v10.5/MCU/ARM_GCC_Support/ewl/lib/armv6-m\libc.a(ctype_aeabi.o)
 .text.isblank  0x00000000       0x28 C:/Freescale/CW MCU v10.5/MCU/ARM_GCC_Support/ewl/lib/armv6-m\libc.a(ctype_aeabi.o)
 .text.tolower  0x00000000        0xe C:/Freescale/CW MCU v10.5/MCU/ARM_GCC_Support/ewl/lib/armv6-m\libc.a(ctype_aeabi.o)
 .text          0x00000000        0x0 C:/Freescale/CW MCU v10.5/MCU/ARM_GCC_Support/ewl/lib/armv6-m\libc.a(__strtoul.o)
 .data          0x00000000        0x0 C:/Freescale/CW MCU v10.5/MCU/ARM_GCC_Support/ewl/lib/armv6-m\libc.a(__strtoul.o)
 .bss           0x00000000        0x0 C:/Freescale/CW MCU v10.5/MCU/ARM_GCC_Support/ewl/lib/armv6-m\libc.a(__strtoul.o)
 .text          0x00000000        0x0 C:/Freescale/CW MCU v10.5/MCU/ARM_GCC_Support/ewl/lib/armv6-m\libc.a(__filll_mem.o)
 .data          0x00000000        0x0 C:/Freescale/CW MCU v10.5/MCU/ARM_GCC_Support/ewl/lib/armv6-m\libc.a(__filll_mem.o)
 .bss           0x00000000        0x0 C:/Freescale/CW MCU v10.5/MCU/ARM_GCC_Support/ewl/lib/armv6-m\libc.a(__filll_mem.o)
 .text          0x00000000        0x0 C:/Freescale/CW MCU v10.5/MCU/ARM_GCC_Support/ewl/lib/armv6-m\libc.a(memchr.o)
 .data          0x00000000        0x0 C:/Freescale/CW MCU v10.5/MCU/ARM_GCC_Support/ewl/lib/armv6-m\libc.a(memchr.o)
 .bss           0x00000000        0x0 C:/Freescale/CW MCU v10.5/MCU/ARM_GCC_Support/ewl/lib/armv6-m\libc.a(memchr.o)
 .text          0x00000000        0x0 C:/Freescale/CW MCU v10.5/MCU/ARM_GCC_Support/ewl/lib/armv6-m\libc.a(memcpy.o)
 .data          0x00000000        0x0 C:/Freescale/CW MCU v10.5/MCU/ARM_GCC_Support/ewl/lib/armv6-m\libc.a(memcpy.o)
 .bss           0x00000000        0x0 C:/Freescale/CW MCU v10.5/MCU/ARM_GCC_Support/ewl/lib/armv6-m\libc.a(memcpy.o)
 .text          0x00000000        0x0 C:/Freescale/CW MCU v10.5/MCU/ARM_GCC_Support/ewl/lib/armv6-m\libc.a(strchr.o)
 .data          0x00000000        0x0 C:/Freescale/CW MCU v10.5/MCU/ARM_GCC_Support/ewl/lib/armv6-m\libc.a(strchr.o)
 .bss           0x00000000        0x0 C:/Freescale/CW MCU v10.5/MCU/ARM_GCC_Support/ewl/lib/armv6-m\libc.a(strchr.o)
 .text          0x00000000        0x0 C:/Freescale/CW MCU v10.5/MCU/ARM_GCC_Support/ewl/lib/armv6-m\libc.a(strlen.o)
 .data          0x00000000        0x0 C:/Freescale/CW MCU v10.5/MCU/ARM_GCC_Support/ewl/lib/armv6-m\libc.a(strlen.o)
 .bss           0x00000000        0x0 C:/Freescale/CW MCU v10.5/MCU/ARM_GCC_Support/ewl/lib/armv6-m\libc.a(strlen.o)
 .data          0x00000000        0x0 c:/freescale/cw mcu v10.5/cross_tools/arm-none-eabi-gcc-4_7_3/bin/../lib/gcc/arm-none-eabi/4.7.3/armv6-m\libgcc.a(_thumb1_case_sqi.o)
 .bss           0x00000000        0x0 c:/freescale/cw mcu v10.5/cross_tools/arm-none-eabi-gcc-4_7_3/bin/../lib/gcc/arm-none-eabi/4.7.3/armv6-m\libgcc.a(_thumb1_case_sqi.o)
 .data          0x00000000        0x0 c:/freescale/cw mcu v10.5/cross_tools/arm-none-eabi-gcc-4_7_3/bin/../lib/gcc/arm-none-eabi/4.7.3/armv6-m\libgcc.a(_thumb1_case_uqi.o)
 .bss           0x00000000        0x0 c:/freescale/cw mcu v10.5/cross_tools/arm-none-eabi-gcc-4_7_3/bin/../lib/gcc/arm-none-eabi/4.7.3/armv6-m\libgcc.a(_thumb1_case_uqi.o)
 .data          0x00000000        0x0 c:/freescale/cw mcu v10.5/cross_tools/arm-none-eabi-gcc-4_7_3/bin/../lib/gcc/arm-none-eabi/4.7.3/armv6-m\libgcc.a(_udivsi3.o)
 .bss           0x00000000        0x0 c:/freescale/cw mcu v10.5/cross_tools/arm-none-eabi-gcc-4_7_3/bin/../lib/gcc/arm-none-eabi/4.7.3/armv6-m\libgcc.a(_udivsi3.o)
 .data          0x00000000        0x0 c:/freescale/cw mcu v10.5/cross_tools/arm-none-eabi-gcc-4_7_3/bin/../lib/gcc/arm-none-eabi/4.7.3/armv6-m\libgcc.a(_dvmd_tls.o)
 .bss           0x00000000        0x0 c:/freescale/cw mcu v10.5/cross_tools/arm-none-eabi-gcc-4_7_3/bin/../lib/gcc/arm-none-eabi/4.7.3/armv6-m\libgcc.a(_dvmd_tls.o)
 .text          0x00000000        0x0 C:/Freescale/CW MCU v10.5/MCU/ARM_GCC_Support/ewl/lib/armv6-m\librt.a(gcc_ctor_dtor.o)
 .data          0x00000000        0x0 C:/Freescale/CW MCU v10.5/MCU/ARM_GCC_Support/ewl/lib/armv6-m\librt.a(gcc_ctor_dtor.o)
 .bss           0x00000000        0x0 C:/Freescale/CW MCU v10.5/MCU/ARM_GCC_Support/ewl/lib/armv6-m\librt.a(gcc_ctor_dtor.o)
 .bss.__dso_handle
                0x00000000        0x4 C:/Freescale/CW MCU v10.5/MCU/ARM_GCC_Support/ewl/lib/armv6-m\librt.a(gcc_ctor_dtor.o)
 .text          0x00000000        0x0 C:/Freescale/CW MCU v10.5/MCU/ARM_GCC_Support/ewl/lib/armv6-m\librt.a(ROMCopy.o)
 .data          0x00000000        0x0 C:/Freescale/CW MCU v10.5/MCU/ARM_GCC_Support/ewl/lib/armv6-m\librt.a(ROMCopy.o)
 .bss           0x00000000        0x0 C:/Freescale/CW MCU v10.5/MCU/ARM_GCC_Support/ewl/lib/armv6-m\librt.a(ROMCopy.o)
 .text.__flush_cache
                0x00000000        0x2 C:/Freescale/CW MCU v10.5/MCU/ARM_GCC_Support/ewl/lib/armv6-m\librt.a(ROMCopy.o)
 .text          0x00000000        0x0 C:/Freescale/CW MCU v10.5/MCU/ARM_GCC_Support/ewl/lib/armv6-m\librt.a(__arm_eabi_init.o)
 .data          0x00000000        0x0 C:/Freescale/CW MCU v10.5/MCU/ARM_GCC_Support/ewl/lib/armv6-m\librt.a(__arm_eabi_init.o)
 .bss           0x00000000        0x0 C:/Freescale/CW MCU v10.5/MCU/ARM_GCC_Support/ewl/lib/armv6-m\librt.a(__arm_eabi_init.o)
 .text.__register_global_object
                0x00000000       0x14 C:/Freescale/CW MCU v10.5/MCU/ARM_GCC_Support/ewl/lib/armv6-m\librt.a(__arm_eabi_init.o)
 .text.__cxa_atexit
                0x00000000       0x38 C:/Freescale/CW MCU v10.5/MCU/ARM_GCC_Support/ewl/lib/armv6-m\librt.a(__arm_eabi_init.o)
 .text.__aeabi_atexit
                0x00000000        0xe C:/Freescale/CW MCU v10.5/MCU/ARM_GCC_Support/ewl/lib/armv6-m\librt.a(__arm_eabi_init.o)
 .text.__register_atexit
                0x00000000        0xc C:/Freescale/CW MCU v10.5/MCU/ARM_GCC_Support/ewl/lib/armv6-m\librt.a(__arm_eabi_init.o)
 .text.__init_hardware
                0x00000000        0x4 C:/Freescale/CW MCU v10.5/MCU/ARM_GCC_Support/ewl/lib/armv6-m\librt.a(__arm_eabi_init.o)
 .bss.atexit_curr_func
                0x00000000        0x4 C:/Freescale/CW MCU v10.5/MCU/ARM_GCC_Support/ewl/lib/armv6-m\librt.a(__arm_eabi_init.o)
 .bss.atexit_funcs
                0x00000000      0x300 C:/Freescale/CW MCU v10.5/MCU/ARM_GCC_Support/ewl/lib/armv6-m\librt.a(__arm_eabi_init.o)

Memory Configuration

Name             Origin             Length             Attributes
m_interrupts     0x00000000         0x000000c0         xr
m_text           0x00000410         0x0001fbf0         xr
m_data           0x1ffff000         0x00004000         rw
m_cfmprotrom     0x00000400         0x00000010         xr
*default*        0x00000000         0xffffffff

Linker script and memory map

LOAD ./Generated_Code/Vectors.o
LOAD ./Generated_Code/TimerIntLdd2.o
LOAD ./Generated_Code/TimerIntLdd1.o
LOAD ./Generated_Code/TU2.o
LOAD ./Generated_Code/TU1.o
LOAD ./Generated_Code/TI2.o
LOAD ./Generated_Code/TI1.o
LOAD ./Generated_Code/Red.o
LOAD ./Generated_Code/PE_LDD.o
LOAD ./Generated_Code/Green.o
LOAD ./Generated_Code/Cpu.o
LOAD ./Generated_Code/Blue.o
LOAD ./Generated_Code/BitIoLdd3.o
LOAD ./Generated_Code/BitIoLdd2.o
LOAD ./Generated_Code/BitIoLdd1.o
LOAD ./Project_Settings/Startup_Code/__arm_start.o
LOAD ./Project_Settings/Startup_Code/__arm_end.o
LOAD ./Sources/sa_mtb.o
LOAD ./Sources/ProcessorExpert.o
LOAD ./Sources/Events.o
                0x00000ebc                __pformatter = __pformatter_
                [0x000012e4]                __sformatter = __sformatter
START GROUP
LOAD C:/Freescale/CW MCU v10.5/MCU/ARM_GCC_Support/ewl/lib/armv6-m\libc.a
LOAD C:/Freescale/CW MCU v10.5/MCU/ARM_GCC_Support/ewl/lib/armv6-m\libm.a
LOAD c:/freescale/cw mcu v10.5/cross_tools/arm-none-eabi-gcc-4_7_3/bin/../lib/gcc/arm-none-eabi/4.7.3/armv6-m\libgcc.a
LOAD C:/Freescale/CW MCU v10.5/MCU/ARM_GCC_Support/ewl/lib/armv6-m\librt.a
LOAD C:/Freescale/CW MCU v10.5/MCU/ARM_GCC_Support/ewl/lib/armv6-m\libuart.a
END GROUP
                0x20003000                _estack = 0x20003000
                0x20003000                __SP_INIT = _estack
                0x00000000                __heap_size = 0x0
                0x00000400                __stack_size = 0x400

.interrupts     0x00000000       0xc0
                0x00000000                __vector_table = .
                0x00000000                . = ALIGN (0x4)
 *(.vectortable)
 .vectortable   0x00000000       0xc0 ./Generated_Code/Vectors.o
                0x00000000                __vect_table
                0x000000c0                . = ALIGN (0x4)

.cfmprotect     0x00000400       0x10
                0x00000400                . = ALIGN (0x4)
 *(.cfmconfig)
 .cfmconfig     0x00000400       0x10 ./Generated_Code/Cpu.o
                0x00000400                _cfm
                0x00000410                . = ALIGN (0x4)

.text           0x00000410     0x1aa0
                0x00000410                . = ALIGN (0x4)
 *(.text)
 .text          0x00000410       0x14 c:/freescale/cw mcu v10.5/cross_tools/arm-none-eabi-gcc-4_7_3/bin/../lib/gcc/arm-none-eabi/4.7.3/armv6-m\libgcc.a(_thumb1_case_sqi.o)
                0x00000410                __gnu_thumb1_case_sqi
 .text          0x00000424       0x14 c:/freescale/cw mcu v10.5/cross_tools/arm-none-eabi-gcc-4_7_3/bin/../lib/gcc/arm-none-eabi/4.7.3/armv6-m\libgcc.a(_thumb1_case_uqi.o)
                0x00000424                __gnu_thumb1_case_uqi
 .text          0x00000438       0x9c c:/freescale/cw mcu v10.5/cross_tools/arm-none-eabi-gcc-4_7_3/bin/../lib/gcc/arm-none-eabi/4.7.3/armv6-m\libgcc.a(_udivsi3.o)
                0x00000438                __aeabi_uidiv
                0x00000438                __udivsi3
                0x000004c0                __aeabi_uidivmod
 .text          0x000004d4        0x4 c:/freescale/cw mcu v10.5/cross_tools/arm-none-eabi-gcc-4_7_3/bin/../lib/gcc/arm-none-eabi/4.7.3/armv6-m\libgcc.a(_dvmd_tls.o)
                0x000004d4                __aeabi_idiv0
                0x000004d4                __aeabi_ldiv0
 *(.text*)
 .text.TimerIntLdd2_Init
                0x000004d8       0x50 ./Generated_Code/TimerIntLdd2.o
                0x000004d8                TimerIntLdd2_Init
 .text.TU2_OnCounterRestart
                0x00000528       0x24 ./Generated_Code/TimerIntLdd2.o
                0x00000528                TU2_OnCounterRestart
 .text.TimerIntLdd1_Init
                0x0000054c       0x50 ./Generated_Code/TimerIntLdd1.o
                0x0000054c                TimerIntLdd1_Init
 .text.TU1_OnCounterRestart
                0x0000059c       0x24 ./Generated_Code/TimerIntLdd1.o
                0x0000059c                TU1_OnCounterRestart
 .text.TU2_Init
                0x000005c0       0xf4 ./Generated_Code/TU2.o
                0x000005c0                TU2_Init
 .text.TU2_Interrupt
                0x000006b4       0x5c ./Generated_Code/TU2.o
                0x000006b4                TU2_Interrupt
 .text.TU1_Init
                0x00000710       0xc0 ./Generated_Code/TU1.o
                0x00000710                TU1_Init
 .text.TU1_Interrupt
                0x000007d0       0x30 ./Generated_Code/TU1.o
                0x000007d0                TU1_Interrupt
 .text.TimerIntLdd2_OnInterrupt
                0x00000800       0x14 ./Generated_Code/TI2.o
                0x00000800                TimerIntLdd2_OnInterrupt
 .text.TimerIntLdd1_OnInterrupt
                0x00000814       0x14 ./Generated_Code/TI1.o
                0x00000814                TimerIntLdd1_OnInterrupt
 .text.Cpu_INT_NMIInterrupt
                0x00000828        0xc ./Generated_Code/Cpu.o
                0x00000828                Cpu_INT_NMIInterrupt
 .text.Cpu_Interrupt
                0x00000834        0xc ./Generated_Code/Cpu.o
                0x00000834                Cpu_Interrupt
 .text.__init_hardware
                0x00000840      0x120 ./Generated_Code/Cpu.o
                0x00000840                __init_hardware
 .text.PE_low_level_init
                0x00000960       0xe8 ./Generated_Code/Cpu.o
                0x00000960                PE_low_level_init
 .text.BitIoLdd3_Init
                0x00000a48       0x60 ./Generated_Code/BitIoLdd3.o
                0x00000a48                BitIoLdd3_Init
 .text.BitIoLdd3_NegVal
                0x00000aa8       0x18 ./Generated_Code/BitIoLdd3.o
                0x00000aa8                BitIoLdd3_NegVal
 .text.BitIoLdd2_Init
                0x00000ac0       0x68 ./Generated_Code/BitIoLdd2.o
                0x00000ac0                BitIoLdd2_Init
 .text.BitIoLdd2_PutVal
                0x00000b28       0x34 ./Generated_Code/BitIoLdd2.o
                0x00000b28                BitIoLdd2_PutVal
 .text.BitIoLdd1_Init
                0x00000b5c       0x68 ./Generated_Code/BitIoLdd1.o
                0x00000b5c                BitIoLdd1_Init
 .text.BitIoLdd1_NegVal
                0x00000bc4       0x1c ./Generated_Code/BitIoLdd1.o
                0x00000bc4                BitIoLdd1_NegVal
 .text.zero_fill_bss
                0x00000be0       0x24 ./Project_Settings/Startup_Code/__arm_start.o
 .text.__thumb_startup
                0x00000c04       0x30 ./Project_Settings/Startup_Code/__arm_start.o
                0x00000c04                __thumb_startup
 .text._ExitProcess
                0x00000c34        0xc ./Project_Settings/Startup_Code/__arm_end.o
                0x00000c34                _ExitProcess
 .text.main     0x00000c40       0x24 ./Sources/ProcessorExpert.o
                0x00000c40                main
 .text.Cpu_OnNMIINT
                0x00000c64        0x8 ./Sources/Events.o
                0x00000c64                Cpu_OnNMIINT
 .text.TI1_OnInterrupt
                0x00000c6c       0x68 ./Sources/Events.o
                0x00000c6c                TI1_OnInterrupt
 .text.TI2_OnInterrupt
                0x00000cd4        0x8 ./Sources/Events.o
                0x00000cd4                TI2_OnInterrupt
 .text.exit     0x00000cdc       0x38 C:/Freescale/CW MCU v10.5/MCU/ARM_GCC_Support/ewl/lib/armv6-m\libc.a(exit.o)
                0x00000cdc                exit
 .text.memset   0x00000d14        0xc C:/Freescale/CW MCU v10.5/MCU/ARM_GCC_Support/ewl/lib/armv6-m\libc.a(memset.o)
                0x00000d14                memset
 .text.long2str.isra.0
                0x00000d20      0x19c C:/Freescale/CW MCU v10.5/MCU/ARM_GCC_Support/ewl/lib/armv6-m\libc.a(printformat_.o)
 .text.__pformatter_
                0x00000ebc      0x428 C:/Freescale/CW MCU v10.5/MCU/ARM_GCC_Support/ewl/lib/armv6-m\libc.a(printformat_.o)
                0x00000ebc                __pformatter_
 .text.__sformatter
                0x000012e4      0x698 C:/Freescale/CW MCU v10.5/MCU/ARM_GCC_Support/ewl/lib/armv6-m\libc.a(scanformat_.o)
                0x000012e4                __sformatter
 .text.isalpha  0x0000197c       0x20 C:/Freescale/CW MCU v10.5/MCU/ARM_GCC_Support/ewl/lib/armv6-m\libc.a(ctype_aeabi.o)
                0x0000197c                isalpha
 .text.isspace  0x0000199c       0x20 C:/Freescale/CW MCU v10.5/MCU/ARM_GCC_Support/ewl/lib/armv6-m\libc.a(ctype_aeabi.o)
                0x0000199c                isspace
 .text.toupper  0x000019bc        0xe C:/Freescale/CW MCU v10.5/MCU/ARM_GCC_Support/ewl/lib/armv6-m\libc.a(ctype_aeabi.o)
                0x000019bc                toupper
 .text.__strtoul
                0x000019ca      0x1ce C:/Freescale/CW MCU v10.5/MCU/ARM_GCC_Support/ewl/lib/armv6-m\libc.a(__strtoul.o)
                0x000019ca                __strtoul
 .text.__fill_mem
                0x00001b98       0x7e C:/Freescale/CW MCU v10.5/MCU/ARM_GCC_Support/ewl/lib/armv6-m\libc.a(__filll_mem.o)
                0x00001b98                __fill_mem
 .text.memchr   0x00001c16       0x1a C:/Freescale/CW MCU v10.5/MCU/ARM_GCC_Support/ewl/lib/armv6-m\libc.a(memchr.o)
                0x00001c16                memchr
 .text.memcpy   0x00001c30       0x12 C:/Freescale/CW MCU v10.5/MCU/ARM_GCC_Support/ewl/lib/armv6-m\libc.a(memcpy.o)
                0x00001c30                memcpy
 .text.strchr   0x00001c42       0x1e C:/Freescale/CW MCU v10.5/MCU/ARM_GCC_Support/ewl/lib/armv6-m\libc.a(strchr.o)
                0x00001c42                strchr
 .text.strlen   0x00001c60       0x10 C:/Freescale/CW MCU v10.5/MCU/ARM_GCC_Support/ewl/lib/armv6-m\libc.a(strlen.o)
                0x00001c60                strlen
 .text.__init_cpp
                0x00001c70       0x48 C:/Freescale/CW MCU v10.5/MCU/ARM_GCC_Support/ewl/lib/armv6-m\librt.a(gcc_ctor_dtor.o)
                0x00001c70                __init_cpp
 .text.__fini_cpp
                0x00001cb8       0x34 C:/Freescale/CW MCU v10.5/MCU/ARM_GCC_Support/ewl/lib/armv6-m\librt.a(gcc_ctor_dtor.o)
                0x00001cb8                __fini_cpp
 .text.__copy_rom_section
                0x00001cec       0x48 C:/Freescale/CW MCU v10.5/MCU/ARM_GCC_Support/ewl/lib/armv6-m\librt.a(ROMCopy.o)
                0x00001cec                __copy_rom_section
 .text.__copy_rom_sections_to_ram
                0x00001d34       0x34 C:/Freescale/CW MCU v10.5/MCU/ARM_GCC_Support/ewl/lib/armv6-m\librt.a(ROMCopy.o)
                0x00001d34                __copy_rom_sections_to_ram
 .text.__destroy_global_chain
                0x00001d68       0x1c C:/Freescale/CW MCU v10.5/MCU/ARM_GCC_Support/ewl/lib/armv6-m\librt.a(__arm_eabi_init.o)
                0x00001d68                __destroy_global_chain
 .text.__init_registers
                0x00001d84       0x1c C:/Freescale/CW MCU v10.5/MCU/ARM_GCC_Support/ewl/lib/armv6-m\librt.a(__arm_eabi_init.o)
                0x00001d84                __init_registers
 .text.__init_user
                0x00001da0        0x4 C:/Freescale/CW MCU v10.5/MCU/ARM_GCC_Support/ewl/lib/armv6-m\librt.a(__arm_eabi_init.o)
                0x00001da0                __init_user
 *(.rodata)
 *(.rodata*)
 .rodata.str1.1
                0x00001da4        0x1 C:/Freescale/CW MCU v10.5/MCU/ARM_GCC_Support/ewl/lib/armv6-m\libc.a(printformat_.o)
 .rodata.CSWTCH.20
                0x00001da5        0x5 C:/Freescale/CW MCU v10.5/MCU/ARM_GCC_Support/ewl/lib/armv6-m\libc.a(printformat_.o)
 .rodata.CSWTCH.21
                0x00001daa        0x5 C:/Freescale/CW MCU v10.5/MCU/ARM_GCC_Support/ewl/lib/armv6-m\libc.a(printformat_.o)
 .rodata.__aeabi_ctype_table_C
                0x00001daf      0x101 C:/Freescale/CW MCU v10.5/MCU/ARM_GCC_Support/ewl/lib/armv6-m\libc.a(ctype_aeabi.o)
                0x00001daf                __aeabi_ctype_table_C
 *(.glue_7)
 .glue_7        0x00000000        0x0 linker stubs
 *(.glue_7t)
 .glue_7t       0x00000000        0x0 linker stubs
 *(.eh_frame)
 *(.init)
 *(.fini)
                0x00001eb0                . = ALIGN (0x4)
                0x00001eb0                _etext = .

.vfp11_veneer   0x00001eb0        0x0
 .vfp11_veneer  0x00000000        0x0 linker stubs

.v4_bx          0x00001eb0        0x0
 .v4_bx         0x00000000        0x0 linker stubs

.iplt           0x00001eb0        0x0
 .iplt          0x00000000        0x0 ./Generated_Code/Vectors.o

.rel.dyn        0x00001eb0        0x0
 .rel.iplt      0x00000000        0x0 ./Generated_Code/Vectors.o

.ARM.extab
 *(.ARM.extab* .gnu.linkonce.armextab.*)

.ARM            0x00001eb0        0x0
                0x00001eb0                __exidx_start = .
 *(.ARM.exidx*)
                0x00001eb0                __exidx_end = .

.ctors          0x00001eb0        0x0
                0x00001eb0                __CTOR_LIST__ = .
 *crtbegin.o(.ctors)
 *(EXCLUDE_FILE(*crtend.o) .ctors)
 *(SORT(.ctors.*))
 *(.ctors)
                0x00001eb0                __CTOR_END__ = .

.dtors          0x00001eb0        0x0
                0x00001eb0                __DTOR_LIST__ = .
 *crtbegin.o(.dtors)
 *(EXCLUDE_FILE(*crtend.o) .dtors)
 *(SORT(.dtors.*))
 *(.dtors)
                0x00001eb0                __DTOR_END__ = .

.preinit_array  0x00001eb0        0x0
                0x00001eb0                PROVIDE (__preinit_array_start, .)
 *(.preinit_array*)
                0x00001eb0                PROVIDE (__preinit_array_end, .)

.init_array     0x00001eb0        0x0
                0x00001eb0                PROVIDE (__init_array_start, .)
 *(SORT(.init_array.*))
 *(.init_array*)
                0x00001eb0                PROVIDE (__init_array_end, .)

.fini_array     0x00001eb0        0x0
                0x00001eb0                PROVIDE (__fini_array_start, .)
 *(SORT(.fini_array.*))
 *(.fini_array*)
                0x00001eb0                PROVIDE (__fini_array_end, .)
                0x00001eb0                ___ROM_AT = .

.mtb            0x1ffff000        0x0
                0x1ffff000                . = ALIGN (0x8)
                0x1ffff000                _mtb_start = .
 *(.mtb_buf)
                0x1ffff000                . = ALIGN (0x8)
                0x1ffff000                _mtb_end = .

.data           0x1ffff000        0x0 load address 0x00001eb0
                0x1ffff000                . = ALIGN (0x4)
                0x1ffff000                _sdata = .
 *(.data)
 *(.data*)
                0x1ffff000                . = ALIGN (0x4)
                0x1ffff000                _edata = .
                0x00000000                ___data_size = (_edata - _sdata)

.igot.plt       0x1ffff000        0x0
 .igot.plt      0x00000000        0x0 ./Generated_Code/Vectors.o
                0x1ffff000                . = ALIGN (0x4)

.bss            0x1ffff000       0x7c
                0x1ffff000                __START_BSS = .
                0x1ffff000                PROVIDE (__bss_start__, __START_BSS)
 *(.bss)
 *(.bss*)
 .bss.DeviceDataPrv__DEFAULT_RTOS_ALLOC
                0x1ffff000        0xc ./Generated_Code/TimerIntLdd2.o
 .bss.DeviceDataPrv__DEFAULT_RTOS_ALLOC
                0x1ffff00c        0xc ./Generated_Code/TimerIntLdd1.o
 .bss.DeviceDataPrv__DEFAULT_RTOS_ALLOC
                0x1ffff018        0xc ./Generated_Code/TU2.o
 .bss.INT_TPM0__DEFAULT_RTOS_ISRPARAM
                0x1ffff024        0x4 ./Generated_Code/TU2.o
 .bss.DeviceDataPrv__DEFAULT_RTOS_ALLOC
                0x1ffff028        0x8 ./Generated_Code/TU1.o
 .bss.INT_LPTimer__DEFAULT_RTOS_ISRPARAM
                0x1ffff030        0x4 ./Generated_Code/TU1.o
 .bss.PE_LDD_DeviceDataList
                0x1ffff034       0x1c ./Generated_Code/PE_LDD.o
                0x1ffff034                PE_LDD_DeviceDataList
 .bss.DeviceDataPrv__DEFAULT_RTOS_ALLOC
                0x1ffff050        0x4 ./Generated_Code/BitIoLdd3.o
 .bss.DeviceDataPrv__DEFAULT_RTOS_ALLOC
                0x1ffff054        0x4 ./Generated_Code/BitIoLdd2.o
 .bss.DeviceDataPrv__DEFAULT_RTOS_ALLOC
                0x1ffff058        0x4 ./Generated_Code/BitIoLdd1.o
 .bss.argv      0x1ffff05c        0x4 ./Project_Settings/Startup_Code/__arm_start.o
 .bss.k.5612    0x1ffff060        0x4 ./Sources/Events.o
 .bss.__stdio_exit
                0x1ffff064        0x4 C:/Freescale/CW MCU v10.5/MCU/ARM_GCC_Support/ewl/lib/armv6-m\libc.a(exit.o)
                0x1ffff064                __stdio_exit
 .bss.__console_exit
                0x1ffff068        0x4 C:/Freescale/CW MCU v10.5/MCU/ARM_GCC_Support/ewl/lib/armv6-m\libc.a(exit.o)
                0x1ffff068                __console_exit
 .bss.__S_romp  0x1ffff06c        0xc C:/Freescale/CW MCU v10.5/MCU/ARM_GCC_Support/ewl/lib/armv6-m\librt.a(ROMCopy.o)
 .bss.__global_destructor_chain
                0x1ffff078        0x4 C:/Freescale/CW MCU v10.5/MCU/ARM_GCC_Support/ewl/lib/armv6-m\librt.a(__arm_eabi_init.o)
                0x1ffff078                __global_destructor_chain
 *(COMMON)
                0x1ffff07c                . = ALIGN (0x4)
                0x1ffff07c                __END_BSS = .
                0x1ffff07c                PROVIDE (__bss_end__, __END_BSS)
                0x00001eb0                _romp_at = (___ROM_AT + SIZEOF (.data))

.romp           0x1ffff07c       0x18 load address 0x00001eb0
                0x00001eb0                __S_romp = _romp_at
                0x1ffff07c        0x4 LONG 0x1eb0 ___ROM_AT
                0x1ffff080        0x4 LONG 0x1ffff000 _sdata
                0x1ffff084        0x4 LONG 0x0 ___data_size
                0x1ffff088        0x4 LONG 0x0
                0x1ffff08c        0x4 LONG 0x0
                0x1ffff090        0x4 LONG 0x0

._user_heap_stack
                0x1ffff094      0x400 load address 0x00001ec8
                0x1ffff094                . = ALIGN (0x4)
                0x1ffff094                PROVIDE (end, .)
                0x1ffff094                PROVIDE (_end, .)
                0x1ffff094                __heap_addr = .
                0x1ffff094                . = (. + __heap_size)
                0x1ffff494                . = (. + __stack_size)
 *fill*         0x1ffff094      0x400 00
                0x1ffff494                . = ALIGN (0x4)

.ARM.attributes
                0x00000000       0x31
 *(.ARM.attributes)
 .ARM.attributes
                0x00000000       0x31 ./Generated_Code/Vectors.o
 .ARM.attributes
                0x00000031       0x31 ./Generated_Code/TimerIntLdd2.o
 .ARM.attributes
                0x00000062       0x31 ./Generated_Code/TimerIntLdd1.o
 .ARM.attributes
                0x00000093       0x31 ./Generated_Code/TU2.o
 .ARM.attributes
                0x000000c4       0x31 ./Generated_Code/TU1.o
 .ARM.attributes
                0x000000f5       0x31 ./Generated_Code/TI2.o
 .ARM.attributes
                0x00000126       0x31 ./Generated_Code/TI1.o
 .ARM.attributes
                0x00000157       0x31 ./Generated_Code/PE_LDD.o
 .ARM.attributes
                0x00000188       0x31 ./Generated_Code/Cpu.o
 .ARM.attributes
                0x000001b9       0x31 ./Generated_Code/BitIoLdd3.o
 .ARM.attributes
                0x000001ea       0x31 ./Generated_Code/BitIoLdd2.o
 .ARM.attributes
                0x0000021b       0x31 ./Generated_Code/BitIoLdd1.o
 .ARM.attributes
                0x0000024c       0x31 ./Project_Settings/Startup_Code/__arm_start.o
 .ARM.attributes
                0x0000027d       0x31 ./Project_Settings/Startup_Code/__arm_end.o
 .ARM.attributes
                0x000002ae       0x31 ./Sources/ProcessorExpert.o
 .ARM.attributes
                0x000002df       0x31 ./Sources/Events.o
 .ARM.attributes
                0x00000310       0x31 C:/Freescale/CW MCU v10.5/MCU/ARM_GCC_Support/ewl/lib/armv6-m\libc.a(exit.o)
 .ARM.attributes
                0x00000341       0x31 C:/Freescale/CW MCU v10.5/MCU/ARM_GCC_Support/ewl/lib/armv6-m\libc.a(memset.o)
 .ARM.attributes
                0x00000372       0x31 C:/Freescale/CW MCU v10.5/MCU/ARM_GCC_Support/ewl/lib/armv6-m\libc.a(printformat_.o)
 .ARM.attributes
                0x000003a3       0x31 C:/Freescale/CW MCU v10.5/MCU/ARM_GCC_Support/ewl/lib/armv6-m\libc.a(scanformat_.o)
 .ARM.attributes
                0x000003d4       0x31 C:/Freescale/CW MCU v10.5/MCU/ARM_GCC_Support/ewl/lib/armv6-m\libc.a(ctype_aeabi.o)
 .ARM.attributes
                0x00000405       0x31 C:/Freescale/CW MCU v10.5/MCU/ARM_GCC_Support/ewl/lib/armv6-m\libc.a(__strtoul.o)
 .ARM.attributes
                0x00000436       0x31 C:/Freescale/CW MCU v10.5/MCU/ARM_GCC_Support/ewl/lib/armv6-m\libc.a(__filll_mem.o)
 .ARM.attributes
                0x00000467       0x31 C:/Freescale/CW MCU v10.5/MCU/ARM_GCC_Support/ewl/lib/armv6-m\libc.a(memchr.o)
 .ARM.attributes
                0x00000498       0x31 C:/Freescale/CW MCU v10.5/MCU/ARM_GCC_Support/ewl/lib/armv6-m\libc.a(memcpy.o)
 .ARM.attributes
                0x000004c9       0x31 C:/Freescale/CW MCU v10.5/MCU/ARM_GCC_Support/ewl/lib/armv6-m\libc.a(strchr.o)
 .ARM.attributes
                0x000004fa       0x31 C:/Freescale/CW MCU v10.5/MCU/ARM_GCC_Support/ewl/lib/armv6-m\libc.a(strlen.o)
 .ARM.attributes
                0x0000052b       0x1e c:/freescale/cw mcu v10.5/cross_tools/arm-none-eabi-gcc-4_7_3/bin/../lib/gcc/arm-none-eabi/4.7.3/armv6-m\libgcc.a(_thumb1_case_sqi.o)
 .ARM.attributes
                0x00000549       0x1e c:/freescale/cw mcu v10.5/cross_tools/arm-none-eabi-gcc-4_7_3/bin/../lib/gcc/arm-none-eabi/4.7.3/armv6-m\libgcc.a(_thumb1_case_uqi.o)
 .ARM.attributes
                0x00000567       0x1e c:/freescale/cw mcu v10.5/cross_tools/arm-none-eabi-gcc-4_7_3/bin/../lib/gcc/arm-none-eabi/4.7.3/armv6-m\libgcc.a(_udivsi3.o)
 .ARM.attributes
                0x00000585       0x1e c:/freescale/cw mcu v10.5/cross_tools/arm-none-eabi-gcc-4_7_3/bin/../lib/gcc/arm-none-eabi/4.7.3/armv6-m\libgcc.a(_dvmd_tls.o)
 .ARM.attributes
                0x000005a3       0x31 C:/Freescale/CW MCU v10.5/MCU/ARM_GCC_Support/ewl/lib/armv6-m\librt.a(gcc_ctor_dtor.o)
 .ARM.attributes
                0x000005d4       0x31 C:/Freescale/CW MCU v10.5/MCU/ARM_GCC_Support/ewl/lib/armv6-m\librt.a(ROMCopy.o)
 .ARM.attributes
                0x00000605       0x31 C:/Freescale/CW MCU v10.5/MCU/ARM_GCC_Support/ewl/lib/armv6-m\librt.a(__arm_eabi_init.o)
OUTPUT(Autosar.elf elf32-littlearm)

.debug_info     0x00000000     0x458c
 .debug_info    0x00000000      0x104 ./Generated_Code/Vectors.o
 .debug_info    0x00000104      0x178 ./Generated_Code/TimerIntLdd2.o
 .debug_info    0x0000027c      0x178 ./Generated_Code/TimerIntLdd1.o
 .debug_info    0x000003f4      0x5a7 ./Generated_Code/TU2.o
 .debug_info    0x0000099b      0x4ec ./Generated_Code/TU1.o
 .debug_info    0x00000e87       0xa7 ./Generated_Code/TI2.o
 .debug_info    0x00000f2e       0xa7 ./Generated_Code/TI1.o
 .debug_info    0x00000fd5      0x24e ./Generated_Code/PE_LDD.o
 .debug_info    0x00001223      0x8e0 ./Generated_Code/Cpu.o
 .debug_info    0x00001b03      0x3c1 ./Generated_Code/BitIoLdd3.o
 .debug_info    0x00001ec4      0x3c1 ./Generated_Code/BitIoLdd2.o
 .debug_info    0x00002285      0x3c1 ./Generated_Code/BitIoLdd1.o
 .debug_info    0x00002646      0x12a ./Project_Settings/Startup_Code/__arm_start.o
 .debug_info    0x00002770       0x54 ./Project_Settings/Startup_Code/__arm_end.o
 .debug_info    0x000027c4       0xc2 ./Sources/ProcessorExpert.o
 .debug_info    0x00002886       0xee ./Sources/Events.o
 .debug_info    0x00002974       0xe8 C:/Freescale/CW MCU v10.5/MCU/ARM_GCC_Support/ewl/lib/armv6-m\libc.a(exit.o)
 .debug_info    0x00002a5c       0xec C:/Freescale/CW MCU v10.5/MCU/ARM_GCC_Support/ewl/lib/armv6-m\libc.a(memset.o)
 .debug_info    0x00002b48      0x50d C:/Freescale/CW MCU v10.5/MCU/ARM_GCC_Support/ewl/lib/armv6-m\libc.a(printformat_.o)
 .debug_info    0x00003055      0x568 C:/Freescale/CW MCU v10.5/MCU/ARM_GCC_Support/ewl/lib/armv6-m\libc.a(scanformat_.o)
 .debug_info    0x000035bd      0x313 C:/Freescale/CW MCU v10.5/MCU/ARM_GCC_Support/ewl/lib/armv6-m\libc.a(ctype_aeabi.o)
 .debug_info    0x000038d0      0x1d6 C:/Freescale/CW MCU v10.5/MCU/ARM_GCC_Support/ewl/lib/armv6-m\libc.a(__strtoul.o)
 .debug_info    0x00003aa6      0x137 C:/Freescale/CW MCU v10.5/MCU/ARM_GCC_Support/ewl/lib/armv6-m\libc.a(__filll_mem.o)
 .debug_info    0x00003bdd      0x121 C:/Freescale/CW MCU v10.5/MCU/ARM_GCC_Support/ewl/lib/armv6-m\libc.a(memchr.o)
 .debug_info    0x00003cfe      0x10f C:/Freescale/CW MCU v10.5/MCU/ARM_GCC_Support/ewl/lib/armv6-m\libc.a(memcpy.o)
 .debug_info    0x00003e0d      0x10b C:/Freescale/CW MCU v10.5/MCU/ARM_GCC_Support/ewl/lib/armv6-m\libc.a(strchr.o)
 .debug_info    0x00003f18       0xea C:/Freescale/CW MCU v10.5/MCU/ARM_GCC_Support/ewl/lib/armv6-m\libc.a(strlen.o)
 .debug_info    0x00004002      0x136 C:/Freescale/CW MCU v10.5/MCU/ARM_GCC_Support/ewl/lib/armv6-m\librt.a(gcc_ctor_dtor.o)
 .debug_info    0x00004138      0x19b C:/Freescale/CW MCU v10.5/MCU/ARM_GCC_Support/ewl/lib/armv6-m\librt.a(ROMCopy.o)
 .debug_info    0x000042d3      0x2b9 C:/Freescale/CW MCU v10.5/MCU/ARM_GCC_Support/ewl/lib/armv6-m\librt.a(__arm_eabi_init.o)

.debug_abbrev   0x00000000     0x1933
 .debug_abbrev  0x00000000       0xa3 ./Generated_Code/Vectors.o
 .debug_abbrev  0x000000a3       0xd2 ./Generated_Code/TimerIntLdd2.o
 .debug_abbrev  0x00000175       0xd2 ./Generated_Code/TimerIntLdd1.o
 .debug_abbrev  0x00000247      0x141 ./Generated_Code/TU2.o
 .debug_abbrev  0x00000388      0x134 ./Generated_Code/TU1.o
 .debug_abbrev  0x000004bc       0x60 ./Generated_Code/TI2.o
 .debug_abbrev  0x0000051c       0x60 ./Generated_Code/TI1.o
 .debug_abbrev  0x0000057c      0x102 ./Generated_Code/PE_LDD.o
 .debug_abbrev  0x0000067e      0x111 ./Generated_Code/Cpu.o
 .debug_abbrev  0x0000078f      0x12b ./Generated_Code/BitIoLdd3.o
 .debug_abbrev  0x000008ba      0x12b ./Generated_Code/BitIoLdd2.o
 .debug_abbrev  0x000009e5      0x12b ./Generated_Code/BitIoLdd1.o
 .debug_abbrev  0x00000b10       0x92 ./Project_Settings/Startup_Code/__arm_start.o
 .debug_abbrev  0x00000ba2       0x4c ./Project_Settings/Startup_Code/__arm_end.o
 .debug_abbrev  0x00000bee       0x81 ./Sources/ProcessorExpert.o
 .debug_abbrev  0x00000c6f       0x96 ./Sources/Events.o
 .debug_abbrev  0x00000d05       0x7a C:/Freescale/CW MCU v10.5/MCU/ARM_GCC_Support/ewl/lib/armv6-m\libc.a(exit.o)
 .debug_abbrev  0x00000d7f       0x62 C:/Freescale/CW MCU v10.5/MCU/ARM_GCC_Support/ewl/lib/armv6-m\libc.a(memset.o)
 .debug_abbrev  0x00000de1      0x200 C:/Freescale/CW MCU v10.5/MCU/ARM_GCC_Support/ewl/lib/armv6-m\libc.a(printformat_.o)
 .debug_abbrev  0x00000fe1      0x1f0 C:/Freescale/CW MCU v10.5/MCU/ARM_GCC_Support/ewl/lib/armv6-m\libc.a(scanformat_.o)
 .debug_abbrev  0x000011d1       0x9e C:/Freescale/CW MCU v10.5/MCU/ARM_GCC_Support/ewl/lib/armv6-m\libc.a(ctype_aeabi.o)
 .debug_abbrev  0x0000126f       0xc2 C:/Freescale/CW MCU v10.5/MCU/ARM_GCC_Support/ewl/lib/armv6-m\libc.a(__strtoul.o)
 .debug_abbrev  0x00001331       0x78 C:/Freescale/CW MCU v10.5/MCU/ARM_GCC_Support/ewl/lib/armv6-m\libc.a(__filll_mem.o)
 .debug_abbrev  0x000013a9       0x95 C:/Freescale/CW MCU v10.5/MCU/ARM_GCC_Support/ewl/lib/armv6-m\libc.a(memchr.o)
 .debug_abbrev  0x0000143e       0x95 C:/Freescale/CW MCU v10.5/MCU/ARM_GCC_Support/ewl/lib/armv6-m\libc.a(memcpy.o)
 .debug_abbrev  0x000014d3       0x7a C:/Freescale/CW MCU v10.5/MCU/ARM_GCC_Support/ewl/lib/armv6-m\libc.a(strchr.o)
 .debug_abbrev  0x0000154d       0x7a C:/Freescale/CW MCU v10.5/MCU/ARM_GCC_Support/ewl/lib/armv6-m\libc.a(strlen.o)
 .debug_abbrev  0x000015c7       0x99 C:/Freescale/CW MCU v10.5/MCU/ARM_GCC_Support/ewl/lib/armv6-m\librt.a(gcc_ctor_dtor.o)
 .debug_abbrev  0x00001660      0x120 C:/Freescale/CW MCU v10.5/MCU/ARM_GCC_Support/ewl/lib/armv6-m\librt.a(ROMCopy.o)
 .debug_abbrev  0x00001780      0x1b3 C:/Freescale/CW MCU v10.5/MCU/ARM_GCC_Support/ewl/lib/armv6-m\librt.a(__arm_eabi_init.o)

.debug_aranges  0x00000000      0x558
 .debug_aranges
                0x00000000       0x18 ./Generated_Code/Vectors.o
 .debug_aranges
                0x00000018       0x28 ./Generated_Code/TimerIntLdd2.o
 .debug_aranges
                0x00000040       0x28 ./Generated_Code/TimerIntLdd1.o
 .debug_aranges
                0x00000068       0x28 ./Generated_Code/TU2.o
 .debug_aranges
                0x00000090       0x28 ./Generated_Code/TU1.o
 .debug_aranges
                0x000000b8       0x20 ./Generated_Code/TI2.o
 .debug_aranges
                0x000000d8       0x20 ./Generated_Code/TI1.o
 .debug_aranges
                0x000000f8       0x30 ./Generated_Code/PE_LDD.o
 .debug_aranges
                0x00000128       0x38 ./Generated_Code/Cpu.o
 .debug_aranges
                0x00000160       0x48 ./Generated_Code/BitIoLdd3.o
 .debug_aranges
                0x000001a8       0x48 ./Generated_Code/BitIoLdd2.o
 .debug_aranges
                0x000001f0       0x48 ./Generated_Code/BitIoLdd1.o
 .debug_aranges
                0x00000238       0x30 ./Project_Settings/Startup_Code/__arm_start.o
 .debug_aranges
                0x00000268       0x20 ./Project_Settings/Startup_Code/__arm_end.o
 .debug_aranges
                0x00000288       0x20 ./Sources/ProcessorExpert.o
 .debug_aranges
                0x000002a8       0x30 ./Sources/Events.o
 .debug_aranges
                0x000002d8       0x20 C:/Freescale/CW MCU v10.5/MCU/ARM_GCC_Support/ewl/lib/armv6-m\libc.a(exit.o)
 .debug_aranges
                0x000002f8       0x20 C:/Freescale/CW MCU v10.5/MCU/ARM_GCC_Support/ewl/lib/armv6-m\libc.a(memset.o)
 .debug_aranges
                0x00000318       0x28 C:/Freescale/CW MCU v10.5/MCU/ARM_GCC_Support/ewl/lib/armv6-m\libc.a(printformat_.o)
 .debug_aranges
                0x00000340       0x20 C:/Freescale/CW MCU v10.5/MCU/ARM_GCC_Support/ewl/lib/armv6-m\libc.a(scanformat_.o)
 .debug_aranges
                0x00000360       0x88 C:/Freescale/CW MCU v10.5/MCU/ARM_GCC_Support/ewl/lib/armv6-m\libc.a(ctype_aeabi.o)
 .debug_aranges
                0x000003e8       0x20 C:/Freescale/CW MCU v10.5/MCU/ARM_GCC_Support/ewl/lib/armv6-m\libc.a(__strtoul.o)
 .debug_aranges
                0x00000408       0x20 C:/Freescale/CW MCU v10.5/MCU/ARM_GCC_Support/ewl/lib/armv6-m\libc.a(__filll_mem.o)
 .debug_aranges
                0x00000428       0x20 C:/Freescale/CW MCU v10.5/MCU/ARM_GCC_Support/ewl/lib/armv6-m\libc.a(memchr.o)
 .debug_aranges
                0x00000448       0x20 C:/Freescale/CW MCU v10.5/MCU/ARM_GCC_Support/ewl/lib/armv6-m\libc.a(memcpy.o)
 .debug_aranges
                0x00000468       0x20 C:/Freescale/CW MCU v10.5/MCU/ARM_GCC_Support/ewl/lib/armv6-m\libc.a(strchr.o)
 .debug_aranges
                0x00000488       0x20 C:/Freescale/CW MCU v10.5/MCU/ARM_GCC_Support/ewl/lib/armv6-m\libc.a(strlen.o)
 .debug_aranges
                0x000004a8       0x28 C:/Freescale/CW MCU v10.5/MCU/ARM_GCC_Support/ewl/lib/armv6-m\librt.a(gcc_ctor_dtor.o)
 .debug_aranges
                0x000004d0       0x30 C:/Freescale/CW MCU v10.5/MCU/ARM_GCC_Support/ewl/lib/armv6-m\librt.a(ROMCopy.o)
 .debug_aranges
                0x00000500       0x58 C:/Freescale/CW MCU v10.5/MCU/ARM_GCC_Support/ewl/lib/armv6-m\librt.a(__arm_eabi_init.o)

.debug_macinfo  0x00000000   0x2b2c89
 .debug_macinfo
                0x00000000    0x325a2 ./Generated_Code/Vectors.o
 .debug_macinfo
                0x000325a2    0x2fb65 ./Generated_Code/TimerIntLdd2.o
 .debug_macinfo
                0x00062107    0x2fadf ./Generated_Code/TimerIntLdd1.o
 .debug_macinfo
                0x00091be6    0x2fb5d ./Generated_Code/TU2.o
 .debug_macinfo
                0x000c1743    0x2fad7 ./Generated_Code/TU1.o
 .debug_macinfo
                0x000f121a    0x32592 ./Generated_Code/TI2.o
 .debug_macinfo
                0x001237ac    0x32592 ./Generated_Code/TI1.o
 .debug_macinfo
                0x00155d3e    0x32562 ./Generated_Code/PE_LDD.o
 .debug_macinfo
                0x001882a0    0x325a6 ./Generated_Code/Cpu.o
 .debug_macinfo
                0x001ba846    0x2ecc4 ./Generated_Code/BitIoLdd3.o
 .debug_macinfo
                0x001e950a    0x2ecca ./Generated_Code/BitIoLdd2.o
 .debug_macinfo
                0x002181d4    0x2ecca ./Generated_Code/BitIoLdd1.o
 .debug_macinfo
                0x00246e9e     0x3e6d ./Project_Settings/Startup_Code/__arm_start.o
 .debug_macinfo
                0x0024ad0b     0x3456 ./Project_Settings/Startup_Code/__arm_end.o
 .debug_macinfo
                0x0024e161    0x32596 ./Sources/ProcessorExpert.o
 .debug_macinfo
                0x002806f7    0x32592 ./Sources/Events.o

.debug_line     0x00000000     0x3d3e
 .debug_line    0x00000000      0x3f0 ./Generated_Code/Vectors.o
 .debug_line    0x000003f0      0x264 ./Generated_Code/TimerIntLdd2.o
 .debug_line    0x00000654      0x266 ./Generated_Code/TimerIntLdd1.o
 .debug_line    0x000008ba      0x26e ./Generated_Code/TU2.o
 .debug_line    0x00000b28      0x264 ./Generated_Code/TU1.o
 .debug_line    0x00000d8c      0x33e ./Generated_Code/TI2.o
 .debug_line    0x000010ca      0x33e ./Generated_Code/TI1.o
 .debug_line    0x00001408      0x30a ./Generated_Code/PE_LDD.o
 .debug_line    0x00001712      0x459 ./Generated_Code/Cpu.o
 .debug_line    0x00001b6b      0x295 ./Generated_Code/BitIoLdd3.o
 .debug_line    0x00001e00      0x294 ./Generated_Code/BitIoLdd2.o
 .debug_line    0x00002094      0x294 ./Generated_Code/BitIoLdd1.o
 .debug_line    0x00002328      0x293 ./Project_Settings/Startup_Code/__arm_start.o
 .debug_line    0x000025bb      0x266 ./Project_Settings/Startup_Code/__arm_end.o
 .debug_line    0x00002821      0x310 ./Sources/ProcessorExpert.o
 .debug_line    0x00002b31      0x331 ./Sources/Events.o
 .debug_line    0x00002e62       0x8d C:/Freescale/CW MCU v10.5/MCU/ARM_GCC_Support/ewl/lib/armv6-m\libc.a(exit.o)
 .debug_line    0x00002eef       0x90 C:/Freescale/CW MCU v10.5/MCU/ARM_GCC_Support/ewl/lib/armv6-m\libc.a(memset.o)
 .debug_line    0x00002f7f      0x2c3 C:/Freescale/CW MCU v10.5/MCU/ARM_GCC_Support/ewl/lib/armv6-m\libc.a(printformat_.o)
 .debug_line    0x00003242      0x2be C:/Freescale/CW MCU v10.5/MCU/ARM_GCC_Support/ewl/lib/armv6-m\libc.a(scanformat_.o)
 .debug_line    0x00003500      0x1be C:/Freescale/CW MCU v10.5/MCU/ARM_GCC_Support/ewl/lib/armv6-m\libc.a(ctype_aeabi.o)
 .debug_line    0x000036be      0x11e C:/Freescale/CW MCU v10.5/MCU/ARM_GCC_Support/ewl/lib/armv6-m\libc.a(__strtoul.o)
 .debug_line    0x000037dc       0xf6 C:/Freescale/CW MCU v10.5/MCU/ARM_GCC_Support/ewl/lib/armv6-m\libc.a(__filll_mem.o)
 .debug_line    0x000038d2       0x9f C:/Freescale/CW MCU v10.5/MCU/ARM_GCC_Support/ewl/lib/armv6-m\libc.a(memchr.o)
 .debug_line    0x00003971       0x8b C:/Freescale/CW MCU v10.5/MCU/ARM_GCC_Support/ewl/lib/armv6-m\libc.a(memcpy.o)
 .debug_line    0x000039fc       0x7d C:/Freescale/CW MCU v10.5/MCU/ARM_GCC_Support/ewl/lib/armv6-m\libc.a(strchr.o)
 .debug_line    0x00003a79       0x85 C:/Freescale/CW MCU v10.5/MCU/ARM_GCC_Support/ewl/lib/armv6-m\libc.a(strlen.o)
 .debug_line    0x00003afe       0x6c C:/Freescale/CW MCU v10.5/MCU/ARM_GCC_Support/ewl/lib/armv6-m\librt.a(gcc_ctor_dtor.o)
 .debug_line    0x00003b6a       0xbd C:/Freescale/CW MCU v10.5/MCU/ARM_GCC_Support/ewl/lib/armv6-m\librt.a(ROMCopy.o)
 .debug_line    0x00003c27      0x117 C:/Freescale/CW MCU v10.5/MCU/ARM_GCC_Support/ewl/lib/armv6-m\librt.a(__arm_eabi_init.o)

.debug_str      0x00000000     0x1498
 .debug_str     0x00000000      0x138 ./Generated_Code/Vectors.o
                                0x164 (size before relaxing)
 .debug_str     0x00000138       0xf1 ./Generated_Code/TimerIntLdd2.o
                                0x1f7 (size before relaxing)
 .debug_str     0x00000229       0x61 ./Generated_Code/TimerIntLdd1.o
                                0x1f7 (size before relaxing)
 .debug_str     0x0000028a      0x1e9 ./Generated_Code/TU2.o
                                0x368 (size before relaxing)
 .debug_str     0x00000473       0x92 ./Generated_Code/TU1.o
                                0x337 (size before relaxing)
 .debug_str     0x00000505       0x31 ./Generated_Code/TI2.o
                                0x151 (size before relaxing)
 .debug_str     0x00000536       0x31 ./Generated_Code/TI1.o
                                0x151 (size before relaxing)
 .debug_str     0x00000567      0x172 ./Generated_Code/PE_LDD.o
                                0x2c7 (size before relaxing)
 .debug_str     0x000006d9      0x1b8 ./Generated_Code/Cpu.o
                                0x413 (size before relaxing)
 .debug_str     0x00000891       0xf5 ./Generated_Code/BitIoLdd3.o
                                0x2e1 (size before relaxing)
 .debug_str     0x00000986       0xb1 ./Generated_Code/BitIoLdd2.o
                                0x2e1 (size before relaxing)
 .debug_str     0x00000a37       0xb1 ./Generated_Code/BitIoLdd1.o
                                0x2e1 (size before relaxing)
 .debug_str     0x00000ae8       0x85 ./Project_Settings/Startup_Code/__arm_start.o
                                0x192 (size before relaxing)
 .debug_str     0x00000b6d       0x41 ./Project_Settings/Startup_Code/__arm_end.o
                                 0xc9 (size before relaxing)
 .debug_str     0x00000bae       0x22 ./Sources/ProcessorExpert.o
                                0x14e (size before relaxing)
 .debug_str     0x00000bd0       0x41 ./Sources/Events.o
                                0x16d (size before relaxing)
 .debug_str     0x00000c11       0x54 C:/Freescale/CW MCU v10.5/MCU/ARM_GCC_Support/ewl/lib/armv6-m\libc.a(exit.o)
                                0x157 (size before relaxing)
 .debug_str     0x00000c65       0x23 C:/Freescale/CW MCU v10.5/MCU/ARM_GCC_Support/ewl/lib/armv6-m\libc.a(memset.o)
                                0x140 (size before relaxing)
 .debug_str     0x00000c88      0x244 C:/Freescale/CW MCU v10.5/MCU/ARM_GCC_Support/ewl/lib/armv6-m\libc.a(printformat_.o)
                                0x3b3 (size before relaxing)
 .debug_str     0x00000ecc      0x184 C:/Freescale/CW MCU v10.5/MCU/ARM_GCC_Support/ewl/lib/armv6-m\libc.a(scanformat_.o)
                                0x3f9 (size before relaxing)
 .debug_str     0x00001050       0x9d C:/Freescale/CW MCU v10.5/MCU/ARM_GCC_Support/ewl/lib/armv6-m\libc.a(ctype_aeabi.o)
                                0x1bc (size before relaxing)
 .debug_str     0x000010ed       0x61 C:/Freescale/CW MCU v10.5/MCU/ARM_GCC_Support/ewl/lib/armv6-m\libc.a(__strtoul.o)
                                0x1fb (size before relaxing)
 .debug_str     0x0000114e       0x25 C:/Freescale/CW MCU v10.5/MCU/ARM_GCC_Support/ewl/lib/armv6-m\libc.a(__filll_mem.o)
                                0x152 (size before relaxing)
 .debug_str     0x00001173       0x1c C:/Freescale/CW MCU v10.5/MCU/ARM_GCC_Support/ewl/lib/armv6-m\libc.a(memchr.o)
                                0x148 (size before relaxing)
 .debug_str     0x0000118f       0x1c C:/Freescale/CW MCU v10.5/MCU/ARM_GCC_Support/ewl/lib/armv6-m\libc.a(memcpy.o)
                                0x138 (size before relaxing)
 .debug_str     0x000011ab       0x1c C:/Freescale/CW MCU v10.5/MCU/ARM_GCC_Support/ewl/lib/armv6-m\libc.a(strchr.o)
                                0x137 (size before relaxing)
 .debug_str     0x000011c7       0x1c C:/Freescale/CW MCU v10.5/MCU/ARM_GCC_Support/ewl/lib/armv6-m\libc.a(strlen.o)
                                0x140 (size before relaxing)
 .debug_str     0x000011e3      0x126 C:/Freescale/CW MCU v10.5/MCU/ARM_GCC_Support/ewl/lib/armv6-m\librt.a(gcc_ctor_dtor.o)
                                0x181 (size before relaxing)
 .debug_str     0x00001309       0xa1 C:/Freescale/CW MCU v10.5/MCU/ARM_GCC_Support/ewl/lib/armv6-m\librt.a(ROMCopy.o)
                                0x13c (size before relaxing)
 .debug_str     0x000013aa       0xee C:/Freescale/CW MCU v10.5/MCU/ARM_GCC_Support/ewl/lib/armv6-m\librt.a(__arm_eabi_init.o)
                                0x1b5 (size before relaxing)

.comment        0x00000000       0x79
 .comment       0x00000000       0x79 ./Generated_Code/Vectors.o
                                 0x7a (size before relaxing)
 .comment       0x00000000       0x7a ./Generated_Code/TimerIntLdd2.o
 .comment       0x00000000       0x7a ./Generated_Code/TimerIntLdd1.o
 .comment       0x00000000       0x7a ./Generated_Code/TU2.o
 .comment       0x00000000       0x7a ./Generated_Code/TU1.o
 .comment       0x00000000       0x7a ./Generated_Code/TI2.o
 .comment       0x00000000       0x7a ./Generated_Code/TI1.o
 .comment       0x00000000       0x7a ./Generated_Code/PE_LDD.o
 .comment       0x00000000       0x7a ./Generated_Code/Cpu.o
 .comment       0x00000000       0x7a ./Generated_Code/BitIoLdd3.o
 .comment       0x00000000       0x7a ./Generated_Code/BitIoLdd2.o
 .comment       0x00000000       0x7a ./Generated_Code/BitIoLdd1.o
 .comment       0x00000000       0x7a ./Project_Settings/Startup_Code/__arm_start.o
 .comment       0x00000000       0x7a ./Project_Settings/Startup_Code/__arm_end.o
 .comment       0x00000000       0x7a ./Sources/ProcessorExpert.o
 .comment       0x00000000       0x7a ./Sources/Events.o
 .comment       0x00000000       0x7a C:/Freescale/CW MCU v10.5/MCU/ARM_GCC_Support/ewl/lib/armv6-m\libc.a(exit.o)
 .comment       0x00000000       0x7a C:/Freescale/CW MCU v10.5/MCU/ARM_GCC_Support/ewl/lib/armv6-m\libc.a(memset.o)
 .comment       0x00000000       0x7a C:/Freescale/CW MCU v10.5/MCU/ARM_GCC_Support/ewl/lib/armv6-m\libc.a(printformat_.o)
 .comment       0x00000000       0x7a C:/Freescale/CW MCU v10.5/MCU/ARM_GCC_Support/ewl/lib/armv6-m\libc.a(scanformat_.o)
 .comment       0x00000000       0x7a C:/Freescale/CW MCU v10.5/MCU/ARM_GCC_Support/ewl/lib/armv6-m\libc.a(ctype_aeabi.o)
 .comment       0x00000000       0x7a C:/Freescale/CW MCU v10.5/MCU/ARM_GCC_Support/ewl/lib/armv6-m\libc.a(__strtoul.o)
 .comment       0x00000000       0x7a C:/Freescale/CW MCU v10.5/MCU/ARM_GCC_Support/ewl/lib/armv6-m\libc.a(__filll_mem.o)
 .comment       0x00000000       0x7a C:/Freescale/CW MCU v10.5/MCU/ARM_GCC_Support/ewl/lib/armv6-m\libc.a(memchr.o)
 .comment       0x00000000       0x7a C:/Freescale/CW MCU v10.5/MCU/ARM_GCC_Support/ewl/lib/armv6-m\libc.a(memcpy.o)
 .comment       0x00000000       0x7a C:/Freescale/CW MCU v10.5/MCU/ARM_GCC_Support/ewl/lib/armv6-m\libc.a(strchr.o)
 .comment       0x00000000       0x7a C:/Freescale/CW MCU v10.5/MCU/ARM_GCC_Support/ewl/lib/armv6-m\libc.a(strlen.o)
 .comment       0x00000000       0x7a C:/Freescale/CW MCU v10.5/MCU/ARM_GCC_Support/ewl/lib/armv6-m\librt.a(gcc_ctor_dtor.o)
 .comment       0x00000000       0x7a C:/Freescale/CW MCU v10.5/MCU/ARM_GCC_Support/ewl/lib/armv6-m\librt.a(ROMCopy.o)
 .comment       0x00000000       0x7a C:/Freescale/CW MCU v10.5/MCU/ARM_GCC_Support/ewl/lib/armv6-m\librt.a(__arm_eabi_init.o)

.debug_loc      0x00000000     0x2f6b
 .debug_loc     0x00000000       0x70 ./Generated_Code/TimerIntLdd2.o
 .debug_loc     0x00000070       0x70 ./Generated_Code/TimerIntLdd1.o
 .debug_loc     0x000000e0       0x70 ./Generated_Code/TU2.o
 .debug_loc     0x00000150       0x70 ./Generated_Code/TU1.o
 .debug_loc     0x000001c0       0x38 ./Generated_Code/TI2.o
 .debug_loc     0x000001f8       0x38 ./Generated_Code/TI1.o
 .debug_loc     0x00000230       0x9c ./Generated_Code/PE_LDD.o
 .debug_loc     0x000002cc       0xb0 ./Generated_Code/Cpu.o
 .debug_loc     0x0000037c      0x150 ./Generated_Code/BitIoLdd3.o
 .debug_loc     0x000004cc      0x150 ./Generated_Code/BitIoLdd2.o
 .debug_loc     0x0000061c      0x150 ./Generated_Code/BitIoLdd1.o
 .debug_loc     0x0000076c       0x2c ./Project_Settings/Startup_Code/__arm_start.o
 .debug_loc     0x00000798       0x38 ./Project_Settings/Startup_Code/__arm_end.o
 .debug_loc     0x000007d0       0x2c ./Sources/ProcessorExpert.o
 .debug_loc     0x000007fc       0x84 ./Sources/Events.o
 .debug_loc     0x00000880       0x3e C:/Freescale/CW MCU v10.5/MCU/ARM_GCC_Support/ewl/lib/armv6-m\libc.a(exit.o)
 .debug_loc     0x000008be       0x6f C:/Freescale/CW MCU v10.5/MCU/ARM_GCC_Support/ewl/lib/armv6-m\libc.a(memset.o)
 .debug_loc     0x0000092d     0x104b C:/Freescale/CW MCU v10.5/MCU/ARM_GCC_Support/ewl/lib/armv6-m\libc.a(printformat_.o)
 .debug_loc     0x00001978      0x9d8 C:/Freescale/CW MCU v10.5/MCU/ARM_GCC_Support/ewl/lib/armv6-m\libc.a(scanformat_.o)
 .debug_loc     0x00002350      0x30d C:/Freescale/CW MCU v10.5/MCU/ARM_GCC_Support/ewl/lib/armv6-m\libc.a(ctype_aeabi.o)
 .debug_loc     0x0000265d      0x305 C:/Freescale/CW MCU v10.5/MCU/ARM_GCC_Support/ewl/lib/armv6-m\libc.a(__strtoul.o)
 .debug_loc     0x00002962      0x14a C:/Freescale/CW MCU v10.5/MCU/ARM_GCC_Support/ewl/lib/armv6-m\libc.a(__filll_mem.o)
 .debug_loc     0x00002aac       0x77 C:/Freescale/CW MCU v10.5/MCU/ARM_GCC_Support/ewl/lib/armv6-m\libc.a(memchr.o)
 .debug_loc     0x00002b23       0x59 C:/Freescale/CW MCU v10.5/MCU/ARM_GCC_Support/ewl/lib/armv6-m\libc.a(memcpy.o)
 .debug_loc     0x00002b7c       0xaf C:/Freescale/CW MCU v10.5/MCU/ARM_GCC_Support/ewl/lib/armv6-m\libc.a(strchr.o)
 .debug_loc     0x00002c2b       0x33 C:/Freescale/CW MCU v10.5/MCU/ARM_GCC_Support/ewl/lib/armv6-m\libc.a(strlen.o)
 .debug_loc     0x00002c5e       0x9d C:/Freescale/CW MCU v10.5/MCU/ARM_GCC_Support/ewl/lib/armv6-m\librt.a(gcc_ctor_dtor.o)
 .debug_loc     0x00002cfb       0xd9 C:/Freescale/CW MCU v10.5/MCU/ARM_GCC_Support/ewl/lib/armv6-m\librt.a(ROMCopy.o)
 .debug_loc     0x00002dd4      0x197 C:/Freescale/CW MCU v10.5/MCU/ARM_GCC_Support/ewl/lib/armv6-m\librt.a(__arm_eabi_init.o)

.debug_frame    0x00000000      0xaa8
 .debug_frame   0x00000000       0x50 ./Generated_Code/TimerIntLdd2.o
 .debug_frame   0x00000050       0x50 ./Generated_Code/TimerIntLdd1.o
 .debug_frame   0x000000a0       0x50 ./Generated_Code/TU2.o
 .debug_frame   0x000000f0       0x50 ./Generated_Code/TU1.o
 .debug_frame   0x00000140       0x30 ./Generated_Code/TI2.o
 .debug_frame   0x00000170       0x30 ./Generated_Code/TI1.o
 .debug_frame   0x000001a0       0x6c ./Generated_Code/PE_LDD.o
 .debug_frame   0x0000020c       0x80 ./Generated_Code/Cpu.o
 .debug_frame   0x0000028c       0xd0 ./Generated_Code/BitIoLdd3.o
 .debug_frame   0x0000035c       0xd0 ./Generated_Code/BitIoLdd2.o
 .debug_frame   0x0000042c       0xd0 ./Generated_Code/BitIoLdd1.o
 .debug_frame   0x000004fc       0x4c ./Project_Settings/Startup_Code/__arm_start.o
 .debug_frame   0x00000548       0x30 ./Project_Settings/Startup_Code/__arm_end.o
 .debug_frame   0x00000578       0x2c ./Sources/ProcessorExpert.o
 .debug_frame   0x000005a4       0x64 ./Sources/Events.o
 .debug_frame   0x00000608       0x2c C:/Freescale/CW MCU v10.5/MCU/ARM_GCC_Support/ewl/lib/armv6-m\libc.a(exit.o)
 .debug_frame   0x00000634       0x28 C:/Freescale/CW MCU v10.5/MCU/ARM_GCC_Support/ewl/lib/armv6-m\libc.a(memset.o)
 .debug_frame   0x0000065c       0x54 C:/Freescale/CW MCU v10.5/MCU/ARM_GCC_Support/ewl/lib/armv6-m\libc.a(printformat_.o)
 .debug_frame   0x000006b0       0x34 C:/Freescale/CW MCU v10.5/MCU/ARM_GCC_Support/ewl/lib/armv6-m\libc.a(scanformat_.o)
 .debug_frame   0x000006e4      0x158 C:/Freescale/CW MCU v10.5/MCU/ARM_GCC_Support/ewl/lib/armv6-m\libc.a(ctype_aeabi.o)
 .debug_frame   0x0000083c       0x30 C:/Freescale/CW MCU v10.5/MCU/ARM_GCC_Support/ewl/lib/armv6-m\libc.a(__strtoul.o)
 .debug_frame   0x0000086c       0x2c C:/Freescale/CW MCU v10.5/MCU/ARM_GCC_Support/ewl/lib/armv6-m\libc.a(__filll_mem.o)
 .debug_frame   0x00000898       0x28 C:/Freescale/CW MCU v10.5/MCU/ARM_GCC_Support/ewl/lib/armv6-m\libc.a(memchr.o)
 .debug_frame   0x000008c0       0x28 C:/Freescale/CW MCU v10.5/MCU/ARM_GCC_Support/ewl/lib/armv6-m\libc.a(memcpy.o)
 .debug_frame   0x000008e8       0x28 C:/Freescale/CW MCU v10.5/MCU/ARM_GCC_Support/ewl/lib/armv6-m\libc.a(strchr.o)
 .debug_frame   0x00000910       0x28 C:/Freescale/CW MCU v10.5/MCU/ARM_GCC_Support/ewl/lib/armv6-m\libc.a(strlen.o)
 .debug_frame   0x00000938       0x20 c:/freescale/cw mcu v10.5/cross_tools/arm-none-eabi-gcc-4_7_3/bin/../lib/gcc/arm-none-eabi/4.7.3/armv6-m\libgcc.a(_udivsi3.o)
 .debug_frame   0x00000958       0x40 C:/Freescale/CW MCU v10.5/MCU/ARM_GCC_Support/ewl/lib/armv6-m\librt.a(gcc_ctor_dtor.o)
 .debug_frame   0x00000998       0x54 C:/Freescale/CW MCU v10.5/MCU/ARM_GCC_Support/ewl/lib/armv6-m\librt.a(ROMCopy.o)
 .debug_frame   0x000009ec       0xbc C:/Freescale/CW MCU v10.5/MCU/ARM_GCC_Support/ewl/lib/armv6-m\librt.a(__arm_eabi_init.o)
